✓ Initialized. View run at 
https://modal.com/apps/nova-rey/main/ap-OJCQZygzigLmLRiqdzEfnA
✓ Created objects.
├── 🔨 Created mount /tmp/m13_modal_policy_aligned.py
├── 🔨 Created mount /tmp/m13-golden-1k-10k/src
├── 🔨 Created mount /home/nyx/m8g/repos/contract/src
└── 🔨 Created function run_public.
{
  "tome_commit": "b5ce585",
  "contract_commit": "373e3d17060d4ce1c4a0db6065c9289da714bde7",
  "results": [
    {
      "label": "golden-1k",
      "preset": "t4-1k",
      "max_examples": 1000,
      "command": [
        "python",
        "-m",
        "radjax_tome.cli.main",
        "--json",
        "build",
        "--config",
        "/tmp/golden-1k.json"
      ],
      "exit_code": 7,
      "wall_seconds": 74.10026395300001,
      "stdout": "{\"artifact\": {\"workspace\": \"/tmp/m13-results-final/golden-1k\"}, \"command\": \"build\", \"config\": {\"schema_version\": \"radjax_tome_build_intent_v1\", \"selection_authority_hash\": \"sha256:78781698155c0049a106964dfd6f8a4f1b881e4097be7771b3461f7ccff1d40a\"}, \"error\": null, \"exit_code\": 7, \"receipt_path\": null, \"reports\": {\"production\": {\"already_complete\": false, \"artifact_summary\": {\"actual_shard_bytes\": null, \"dtype\": null, \"estimated_artifact_bytes\": 4684768, \"num_examples\": null, \"shard_count\": null, \"target_type\": null}, \"blockers\": [\"streaming backend TeacherTextbook build failed for teacher_backend='gpu_torch', runtime_mode='cpu_gpu', target_policy='corridor_exemplar_v1'; completed shards remain available for --resume\"], \"build_status\": null, \"c5_selection_path\": \"/tmp/m13-results-final/golden-1k/c6/multi-role-selection\", \"c6_authority_manifest\": null, \"c6_authority_manifest_path\": null, \"c6_integrated_validation\": null, \"claims_not_made\": {\"no_model_download\": true, \"no_multidevice_scheduling\": true, \"no_network_verification\": true, \"no_silent_cpu_fallback\": true, \"no_tpu_jax\": true, \"no_unverified_parity_claim\": true}, \"command\": \"production-build\", \"compatibility_migration_applied\": null, \"compatibility_migration_from\": null, \"completed_at\": \"2026-09-24T13:42:03+00:00\", \"coordinate_compression_batch_count\": null, \"corridor_artifact_built\": null, \"corridor_assignment_count\": null, \"corridor_assignment_storage_kind\": null, \"corridor_coverage_report\": null, \"corridor_coverage_report_path\": null, \"corridor_fingerprint_count\": null, \"corridor_fingerprints_path\": null, \"corridor_max_modes\": null, \"corridor_mode_assignments_path\": null, \"corridor_mode_count\": null, \"corridor_mode_policy\": null, \"corridor_modes_built\": null, \"corridor_modes_path\": null, \"corridor_observation_basis\": null, \"corridor_positions_available\": null, \"corridor_positions_used\": null, \"corridor_stat_top_k\": null, \"corridor_summary_path\": null, \"corridor_tracked_stats\": null, \"cover_page_path\": \"/tmp/m13-results-final/golden-1k/cover_page.json\", \"created_at\": \"2026-09-24T13:41:24+00:00\", \"degraded_corridor_export\": null, \"delivery_path\": \"two_pass_rerun_selected\", \"delivery_report_path\": \"/tmp/m13-results-final/golden-1k/delivery_report.json\", \"doctor_summary\": {\"can_emit\": true, \"cuda_available\": true, \"dependency_status\": \"ok\", \"failure_reason\": null, \"failure_stage\": \"none\", \"mps_available\": false, \"torch_available\": true, \"transformers_available\": true}, \"dynamic_mass_threshold\": 0.99, \"dynamic_top_k_max\": 262144, \"dynamic_top_k_min\": 32, \"effective_batch_size\": 8, \"effective_source_batch_sizes\": null, \"entropy_parity_tolerance\": 0.00390625, \"entropy_quantization_step\": 0.00390625, \"external_authority_override_used\": null, \"failure_stage\": null, \"finalization_resume_probe\": null, \"full_teacher_pass_count\": 1, \"include_long_tail_in_primary\": false, \"include_perverse_tail_in_primary\": false, \"include_perverse_tail_in_student\": false, \"inputs\": {\"allow_downloads\": false, \"c4_claims_path\": null, \"c5_selection_path\": null, \"corpus_manifest\": \"/work/authority/verify-checkpoint/input/corpus_manifest.json\", \"corridor_feature_jsonl_path\": null, \"dataset\": \"/work/authority/verify-checkpoint/input/corpus.jsonl\", \"dynamic_mass_threshold\": 0.99, \"dynamic_top_k_max\": 262144, \"dynamic_top_k_min\": 32, \"exemplar_delivery_path\": \"two_pass_rerun_selected\", \"exemplar_leaderboard_capacity\": 256, \"exemplar_score_policy\": \"entropy_top_n_v1\", \"exemplar_selection_enabled\": true, \"fingerprint_corridor_budget_fraction\": \"0.50\", \"fingerprint_corridor_budget_max\": 256, \"fingerprint_corridor_candidate_pool_cap\": 4, \"fingerprint_corridor_mode_cap\": 10, \"global_board_supply_path\": null, \"include_long_tail_in_primary\": false, \"include_perverse_tail_in_primary\": false, \"include_perverse_tail_in_student\": false, \"local_files_only\": true, \"long_tail_side_board_cap\": 128, \"long_tail_warning_k\": 8192, \"num_buckets\": 32, \"perverse_tail_side_board_cap\": 32, \"perverse_tail_warning_k\": 65536, \"primary_selected_exemplar_budget\": 256, \"progress\": false, \"reject_perverse_exemplars\": false, \"replay_authority_identity\": null, \"require_full_selected_budget\": false, \"retain_unselected_exemplar_payloads\": false, \"runtime_mode\": \"cpu_gpu\", \"selected_exemplar_budget\": 256, \"selected_exemplar_fraction\": null, \"selected_rerun_batch_size\": 8, \"selection_integration_config_hash\": \"sha256:78781698155c0049a106964dfd6f8a4f1b881e4097be7771b3461f7ccff1d40a\", \"selection_integration_policy\": \"corridor_first_global_backfill_v1\", \"sequence_length\": 128, \"source_passports_path\": null, \"target_policy\": \"corridor_exemplar_v1\", \"teacher_backend\": \"gpu_torch\", \"teacher_model\": \"/work/authority/model\", \"teacher_model_provenance\": \"/tmp/model_provenance.json\", \"tokenizer_id\": \"/work/authority/model\", \"top_k\": 32, \"total_selected_exemplar_budget\": 256, \"track_delivery_timing\": true, \"verified_selection_bundle_manifest_path\": null, \"verified_selection_replay_path\": null, \"very_long_tail_warning_k\": 32768, \"vocab_size\": 262144}, \"legacy_selected_teacher_rerun_count\": 0, \"long_tail_observations\": null, \"long_tail_side_board_cap\": 128, \"long_tail_summary\": null, \"long_tail_warning_k\": 8192, \"min_corridor_stat_top_k\": null, \"native_c6_selected_teacher_rerun_count\": 0, \"non_selected_exemplar_payload_retained\": null, \"num_examples_scored\": null, \"num_selected_exemplars\": null, \"output_dir\": \"/tmp/m13-results-final/golden-1k\", \"parity_report_path\": null, \"parity_status\": \"not_run\", \"payload_bodies_modified\": false, \"payload_index_hashes_backfilled\": 0, \"payload_write_seconds\": null, \"perverse_tail_side_board_cap\": 32, \"perverse_tail_warning_k\": 65536, \"phase_host_memory_bytes\": {\"finalization\": 5448290304, \"preflight_complete\": 1371365376}, \"primary_selected_exemplar_budget\": 256, \"production_progress_path\": \"/tmp/m13-results-final/golden-1k/production_progress.json\", \"progress_log_path\": \"/tmp/m13-results-final/golden-1k/progress_log.jsonl\", \"reject_perverse_exemplars\": false, \"requested_source_batch_size\": null, \"resume_requested\": false, \"run_manifest_path\": \"/tmp/m13-results-final/golden-1k/run_manifest.json\", \"run_plan_path\": \"/tmp/m13-results-final/golden-1k/run_plan.json\", \"run_plan_status\": \"warn\", \"schema_version\": \"production_build_report_v1\", \"score_pass_authority_hash\": null, \"selected_board_summary\": null, \"selected_coordinate_count\": null, \"selected_delivery_failure\": null, \"selected_delivery_status\": \"not_enabled\", \"selected_exemplar_payload_retained\": null, \"selected_exemplars_linked_to_corridor_modes\": null, \"selected_rerun_batch_count\": null, \"selected_rerun_batch_size\": null, \"selected_rerun_compression_seconds\": null, \"selected_rerun_examples_per_second\": null, \"selected_rerun_io_seconds\": null, \"selected_rerun_peak_device_memory_bytes\": null, \"selected_rerun_peak_host_memory_bytes\": null, \"selected_rerun_teacher_seconds\": null, \"selected_row_gather_seconds\": null, \"selected_source_example_count\": null, \"selected_source_pass_count\": null, \"selected_teacher_rerun_count\": null, \"selected_teacher_rerun_example_count\": null, \"selection_budget_diagnostics\": null, \"selection_budget_diagnostics_path\": null, \"selection_integration_config_hash\": \"sha256:78781698155c0049a106964dfd6f8a4f1b881e4097be7771b3461f7ccff1d40a\", \"selection_integration_policy\": \"corridor_first_global_backfill_v1\", \"selection_integration_status\": \"not_run\", \"source_batch_count\": null, \"staging_directory\": null, \"staging_payload_count\": null, \"staging_preserved\": null, \"status\": \"fail\", \"streaming_build\": true, \"teacher_work_performed\": null, \"validation_report_path\": \"/tmp/m13-results-final/golden-1k/validation_report.json\", \"validation_status\": null, \"very_long_tail_warning_k\": 32768, \"warnings\": [\"two-pass sparse exemplar capture may require a rerun/selected pass\"]}}, \"schema_version\": \"radjax_tome_cli_result_v1\", \"stages\": [], \"status\": \"fail\", \"timing\": {}, \"versions\": {\"radjax_contract\": \"0.9.0\", \"radjax_contract_commit\": \"373e3d17060d4ce1c4a0db6065c9289da714bde7\", \"radjax_tome\": \"0.1.0\"}, \"warnings\": []}\n",
      "stderr": "[W924 13:42:03.941744239 CUDACachingAllocator.cpp:3934] memory allocation failed with OOM on device 0 while trying to allocate 1073741824 bytes (free: 360513536, total: 15637086208).\n[W924 13:42:03.026679430 CUDACachingAllocator.cpp:3934] memory allocation failed with OOM on device 0 while trying to allocate 1073741824 bytes (free: 404553728, total: 15637086208).\n"
    }
  ]
}
Stopping app - local entrypoint completed.
✓ App completed. View run at 
https://modal.com/apps/nova-rey/main/ap-OJCQZygzigLmLRiqdzEfnA
